// Jest Snapshot v1, https://goo.gl/fbAQLP

exports[`mixins: image img_retina should match snapshot 1`] = `
.c0 {
  background-image: url(/foo);
}

@media only screen and (-webkit-min-device-pixel-ratio:2), only screen and ( min--moz-device-pixel-ratio:2), only screen and ( -o-min-device-pixel-ratio:2/1), only screen and ( min-device-pixel-ratio:2), only screen and ( min-resolution:192dpi), only screen and ( min-resolution:2dppx) {
  .c0 {
    background-image: url(/bar);
    background-size: 1em 20px;
  }
}

<div
  className="c0"
/>
`;
